                        R R-p                                 C-c-C
                        | |                                    /
                        R R                                   c
                       / /                                    |
                      R R                                     c
                      | |                                     |
                      R R                                   C-c-c
                     / /                                         \
                    R R                                           c C
                   / /                                            |/
                  R R                                             c
                 / /                                              |
                R R                                               c
                | |                                              /
                R R                                             c 
                 \ \                                            |
                  R R                                         C-c-C
                   \ \                                          |
                    R R                                         c  
                     \ \                                        |
                      R R                                       c
                       \ \                                     /
                        R R                                   c
                         \ \                                  |
                          R R                                 c
                           \ \                                |\
                            R R                               C c-c
                             \ \                                  |
                              R R                                 c
                               \ \                                |
                                R R                               c
                               / /                                 \
                              R R                                   c
                             / /                                     \
                            R R                                       c
                           / /                                         \
                          R R                                           c
                         / /                                             \
                        R R                                               c
                        | |                                               |
                        R R                                               c-O
                         \ \                                             /
                          R R                                         O-c
                           \ \                                          |
                            R R                                         c
                            | |                                         |
                            R R                                         c
                            | |                                          \
                            R R                                           c
                            | |                                            \
                            R R                                             c
                             \ \                                            |
                              R R                                         C c C
                               \ \                                         \|/
                                R R                                         c
                                 \ \                                        |
                                  R R                                       c
                                   \ \                                     /
                                    R R                                   c
                                     \ \                                  |
                                      R R                                 c
                                      | |                                  \
                                      R R                                   c-c               C-C
                                      | |                                      \              |  \
                                      R R                                       c             C   C-C-C
                                      | |                                       |            /        |
                                      R R                                       c       C-C-C         C
                                      | |                                       |\     /               \
                                      R R                                       c C-C-C                 C-C
                                      | |                                       |                        /
                                      R R                                       c           C-C     C-C-C
                                     / /                                       /           /   \   /
                  R-R-R-R-R-R-R-R-R-R R                                       c   C-C   C-C     C-C
                 /                   /                                        |   |  \ /
                R R-R-R-R-R-R-R-R-R-R                                         c   C   C
               / /                                                           /    |
              R R                                                           c     C
             / /                                                             \   /
            R R                                                               c C
           / /                                                                | |
          R R                                                                 c C  
          | |                                                                 |/
          R R                                                                 c-C
          | |                                                                 |  \
          R R                                                                 c   C
           \ \                                                               /     \
            R R                                                             c       C-C
            | |                                                             |         |
            R R                                                             c         C
            | |                                                             |        /
            R R                                                             c       C
             \ \                                                            |      /
              R R                                                           c     C
              | |                                                            \   /
              R R                                                             c-C
               \ \                                                           /|
                R R         c                           c-c-c               C c
                 \ \       /|                          /     \             /  |
                  R R     c c       c-c     c-c   c-c-c       c-c-c       C   c
                   \ \    |  \     /  |    /   \ /                 \     /    |
                    R R   c   c-c-c   c-c-c     c                   c   C     c
                     \ \   \   /                |                    \ /       \
                      R R   c c     O-O-O-O-O-O-O-O-O-O-O-O-O         C         c
                       \ \   \ \    |                       |         |         |
                        R R c c c   O O-O-O-O-O-O-O-O-O-O-O O         C         c
                        | | | | |   | |         |         | |          \        |
                        R R c-c c   O O O-O-O-O-O-O-O-O-O O O           C       c
                         \ \   /    | | |               | | |            \     /
                          R R c     O O O O-O-O   O-O-O O O O             C   c
                           \ \ \    | | | | |/ \ / \| | | | |              \  |
                            R R c-c O O O O-O O O O O-O O O O               C c
                            | |   | | | | |/  |   |  \| | | |                \|
                            R R c-c O O O O O-O O O-O O O O O                 c 
                           / / /    | | |  \   \|/   /  | | |                /
                          R R c     O O O   O O-O-O O-v O O O c             c
                          | | |     | | |  /   /|\   \  | | | |            /|
                          R R c     O O O O O-O O O-O O O O O c           c C
                           \ \ \    | | | |\  | | |  /| | | | |          / /
                            R R c   O O O O-O O O O O-O O O O c         c C
                           / /  |   | | | | |\ /|\ /| | | | | |        /  |
                          R R   c   O O O O-O-O O O-O-O O O O c       c   C
                         / /   /    | | |       |       | | |  \      |  /
                        R R   c     O O O-O-O-O-O-O-O-O-O O O   c     c C
                       / /    |     | |                   | |   |     |/
                      R R     c     O O-O-O-O-O-O-O-O-O-O-O O   c C-C-C > /d/anduar/senda/rooms/s51
>>>>>>>>>>>>>>>>>>>>>>| |<<<<<<\    |           |           |  />>|<<<|<<<<<<<<<<<<<<<<<<<<<<<<<<<<<<<>>>>>>>>>>>>>>>>>>>>>>>>>>>>>>>>>>>>>>>>
                      R R       c-c O-O-O-O-O-O-O-O-O-O-O-O-O c   C-C-C-C-C
                      | |         |                           |       |    \
                      R R b-b-b-b c-c       c     c-c         c b-b-b c     C 
                      | | |      \   \     /|    /   \       /  |  /| |      \
                      R R b       b-b c-c-c c-c-c b-b c-c-c-c b-b b E-E-E-E-E-E
                      | | |          \           /   \       /    |  /|       |
                      R R b           b-b-b-b-b-b     b-b-b-b     b c C       C 
                       \ \ \                  |                  / /           \ 
                        R R b                 b                 b c             C
                         \ \ \                |                 | |            / 
                          R R b    bosque     b                 b c       L-L-L  
                          | | |               |                / /       /     \ 
                          R R b               b     de        b c       L L-L   L
                           \ \ \              |              / /       / /   \ / \
                            R R b             b             b c       L L-L   L   L-L
                             \ \ \            |             | |      /   /           \
                            b R R b           b             b c     L L-L   L   L-L L-L
                            | | | |           |            / /      |      / \ /   /
                            b R R b           b           b c       L-L   L   L L-L
                            | | | |           |           | |      /   \   \   / /
                            b R R b           b         b-b c     L     L-L L-L L-L
                             \ \ \ \          |        /   /     /         \ \     \
                              b R R b   b-b-b-b-b-b   b c-c     L   L-L-L-L L L     L
                               \     \ /           \ / /       / \ /     / / /      |
                                b-b-b-b   eloras    b c       L   L L-L-L L L L-L-L L
              desierto           \     \            | |      /               /   \ \|
                                  b R R b           b c     L   L-L-L-L-L L L     L L
                                  | | | |           | |     |  /        | |  \    |\
                                  b R R b           b c     L-L L-L-L   L L L-L L-L L
                                   \ \ \ \           \ \     \  |    \ / / /   /   /
                                    b R R b           b c     L L-L-L L L L L-L   L
                                    | | | |            \ \     \    |    \ /  |  /
                                    b R R b             b c     L-L-L-L-L-L   L-L
                                    | | | |             | |                \ / 
                                    b R R b             b c                 L  
                                    | | | |             | |                  \ 
                                    b R R b             b c     n-n-n         L       g   h
                                    | | | |              \ \   /    |          \      |   |
                                    b R R b-b-b-b         b c n     n-n         g-g-g g-g-b g-g-g
                                       \ \       \         \ \         \        |   | |   | |   |
                                        R R-R-R-R b-b-b-b-b b c         n-n-h-b-b-b g-g-g b-g   g         n-n
                                         \       \         \ \ \              |   | |   | |     |        /  |
                                          R-R-R-R R-R-R-R-R b-b c-c           g   b-b-b-b-i-b-b-b-b-h-n-n   n-n     n
                                                 \         \       \         /|     |     | | |   |            \   /
                                                  R-R-R-R-R R-R-R-R c R-R   g-g-g g-g     b-g-g-g-g             n-n
                                                           \        |      /    | |  \    |   |  /
                                                            R-R-R-R c R-R L   g-g-g-g-g g-b-g-g-g         R-R-R-R-R
                                                                   /     /            |   |/             /
                                                              c-c-c     L R R         g-g-b             R R-R-R-R-R
                                                             /         / \ \ \                         / /
                                                            c         L   L R R-R-R-R-R-R-R-R-R-R-R-R-R R
                                                            |        /     \ \                         /
                                                            c     L-L     L-L R-R-R-R-R-R-R-R-R-R-R-R-R
                                                            |    /   \   /   \
                                                            c   L     L-L     L-L-L
                                                           /    |      /     /     \
                                                          c     L   L-L-L-L-L       L
                                                          |      \ / \       \     /|
                                                          c       L   L-L     L-L-L L
                                                         / \         /   \   /     /|
                                                        K   c-c     L     L-L   L-L L
                                                       /       \    |       |  /    |
                                                      K         c   L       L-L   L-L
                                                      |          \   \     / \   /
                                                      K           c   L-L-L   L-L-L-L-L
                                                     /            |    \     /     \   \
                                                    K             c     L-L-L       L   L
                                                   /              |    /     \     / \  |
                                                  K               c   L     L-L   L   L L
                                                  |              /   /     /   \ /|   |  \
                                                  K             c   L   L-L     L L-L L   L
                                                 /              |    \ /       /  |  \ \ /
                                                K               c     L   L-L-L   L   L-L
                                               /                 \     \ /       /    |
                                            K-K                   c     L     L-L L-L-L-C
                                           /                       \     \   / \ /      |
              K-K   K-K-K-K-K-K         K-K                         c     L-L   L C-C   C   L
             /   \ /  |        \       /                            |    /   \ / /   \ /    |
          1-K-K-K-K-K-K-K-K-K-K-K-K-K-K                             c   L     L C     C-C-C-C
             \        |        /                                   /   /     / /
              K-K-K-K-K-K-K-K-K                                 c-c   L     L C
                                                               /   \   \   /  |
                                                              c   H H-H L-L C-C
                                                             /     \|      /
                                                            c     H-H-C-C-C
                                                            |      / /
                                                            c     H C
                                                           /       /
                                                          c       C
                                                         /        |
                                                      c-c C-C     C
                                                      |  /   \   /
                                                      c-C     C-C
                                                      |
                                          M-M-M-M-M-M-A-M-M-M-M-M-M
                                          |                       |
                                          M                       M
                                          |                       |
                                          M                       M
                                          |                       |
                                          M                       M
                                          |                       |
                                          M                       M
                                          |                       |
                                          M                       M
                                          |                       |
                                          A                     A-A
                                          |                     |
                                          M                     |
                                          |                     |
                                          M                     |
                                          |                     |
                                          M                     |
                                          |                     |
                                          M                     |
                                          |                     |
                                          M           A---------A
                                          |           |
                                          M-M-M-M-M-M-A

A Anduar

C Camino viejo

c Camino nuevo

H Hostal de comellas

R Rio

K Cantera

M Muralla

L Laberinto

G Orgoth

E Eloras

p Puerto
