Segundo nivel de clacas:


      \     |    |    |    |     /
    --c01--c07--c13--c19--c25--c31--
       | \  |    |    |    |  / |
       |  \ |    |    |    | /  |
    --c02--c08  c14--c20  c26--c32--
     / |      \    \/    /      |  /
    /  |       \   /\   /       | /
    --c03--c09  c15--c21  c22--c33--
       |    | \/ |    | \/ |    |
       |    | /\ |    | /\ |    |
    --c04--c10  c16--c22  c25--c34--
    \  |       /   \/   \       | \
     \ |      /    /\    \      |  \
      c05--c11  c17--c23  c29--c35--
       |  / |    |    |    | \  |
       | /  |    |    |    |  \ |
    --c06--c12--c18--c24--c30--c36--
      /     |    |    |    |     \



La entrada constara de un cuarto llamado ENT donde la salida sera un random
que accedera a 3 habitaciones distintas que seran c14, c29 y c05 la salida sera 
una unica que sera el cuarto c08 que accedera a la habitacion (SAL)
En estas cloacas al entrar se les pondra un timed_propertie de asfixia que cuando
no lo tengan les hara 2 hits de danyo. Y al salir se le quitara dicha propiedad.
Si se os ocurre algo mas me lo contais.